#-----------------------------------------------------------
# Vivado v2024.2 (64-bit)
# SW Build 5239630 on Fri Nov 08 22:35:27 MST 2024
# IP Build 5239520 on Sun Nov 10 16:12:51 MST 2024
# SharedData Build 5239561 on Fri Nov 08 14:39:27 MST 2024
# Start of session at: Sun Jun  1 15:48:16 2025
# Process ID         : 21284
# Current directory  : C:/Users/Locke/VGA_Pong/VGA_Pong.runs/synth_1
# Command line       : vivado.exe -log Pong_Top.vds -product Vivado -mode batch -messageDb vivado.pb -notrace -source Pong_Top.tcl
# Log file           : C:/Users/Locke/VGA_Pong/VGA_Pong.runs/synth_1/Pong_Top.vds
# Journal file       : C:/Users/Locke/VGA_Pong/VGA_Pong.runs/synth_1\vivado.jou
# Running On         : DESKTOP-CSP9PGO
# Platform           : Windows Server 2016 or Windows 10
# Operating System   : 26100
# Processor Detail   : 12th Gen Intel(R) Core(TM) i7-12700KF
# CPU Frequency      : 3610 MHz
# CPU Physical cores : 12
# CPU Logical cores  : 20
# Host memory        : 34185 MB
# Swap memory        : 2147 MB
# Total Virtual      : 36333 MB
# Available Virtual  : 17931 MB
#-----------------------------------------------------------
source Pong_Top.tcl -notrace
